[38;5;0m[HTTP][0m [37m-->[39m [37mPOST[39m [37m/session[39m
[38;5;0m[HTTP][0m [90m{"capabilities":{"alwaysMatch":{"platformName":"Android","appium:deviceName":"emulator-5554","appium:automationName":"UiAutomator2","appium:app":"/Users/bryanplata/Documents/Repo Bryan/webDriverIOMobile/DriverIO.apk","appium:autoGrantPermissions":true,"appium:unicodeKeyboard":true,"appium:noReset":false},"firstMatch":[{}]}}[39m
[38;5;16m[AppiumDriver@affe][0m Calling AppiumDriver.createSession() with args: [null,null,{"alwaysMatch":{"platformName":"Android","appium:deviceName":"emulator-5554","appium:automationName":"UiAutomator2","appium:app":"/Users/bryanplata/Documents/Repo Bryan/webDriverIOMobile/DriverIO.apk","appium:autoGrantPermissions":true,"appium:unicodeKeyboard":true,"appium:noReset":false},"firstMatch":[{}]}]
[38;5;16m[AppiumDriver@affe][0m Event 'newSessionRequested' logged at 1785292779623 (21:39:39 GMT-0500 (Colombia Standard Time))
[35m[Appium][39m Attempting to find matching driver for automationName 'UiAutomator2' and platformName 'Android'
[35m[Appium][39m The 'uiautomator2' driver was installed and matched caps.
[35m[Appium][39m Will require it at /Users/bryanplata/Documents/Repo Bryan/webDriverIOMobile/node_modules/appium-uiautomator2-driver
[35m[Appium][39m Requiring driver at /Users/bryanplata/Documents/Repo Bryan/webDriverIOMobile/node_modules/appium-uiautomator2-driver/build/index.js
[38;5;16m[AppiumDriver@affe][0m Appium v2.5.1 creating new AndroidUiautomator2Driver (v3.5.2) session
[38;5;16m[AppiumDriver@affe][0m Checking BaseDriver versions for Appium and AndroidUiautomator2Driver
[38;5;16m[AppiumDriver@affe][0m Appium's BaseDriver version is 9.5.2
[38;5;16m[AppiumDriver@affe][0m AndroidUiautomator2Driver's BaseDriver version is 9.6.0
[38;5;32m[AndroidUiautomator2Driver@d0f0][0m Creating session with W3C capabilities: {
[38;5;32m[AndroidUiautomator2Driver@d0f0][0m   "alwaysMatch": {
[38;5;32m[AndroidUiautomator2Driver@d0f0][0m     "platformName": "Android",
[38;5;32m[AndroidUiautomator2Driver@d0f0][0m     "appium:deviceName": "emulator-5554",
[38;5;32m[AndroidUiautomator2Driver@d0f0][0m     "appium:automationName": "UiAutomator2",
[38;5;32m[AndroidUiautomator2Driver@d0f0][0m     "appium:app": "/Users/bryanplata/Documents/Repo Bryan/webDriverIOMobile/DriverIO.apk",
[38;5;32m[AndroidUiautomator2Driver@d0f0][0m     "appium:autoGrantPermissions": true,
[38;5;32m[AndroidUiautomator2Driver@d0f0][0m     "appium:unicodeKeyboard": true,
[38;5;32m[AndroidUiautomator2Driver@d0f0][0m     "appium:noReset": false
[38;5;32m[AndroidUiautomator2Driver@d0f0][0m   },
[38;5;32m[AndroidUiautomator2Driver@d0f0][0m   "firstMatch": [
[38;5;32m[AndroidUiautomator2Driver@d0f0][0m     {}
[38;5;32m[AndroidUiautomator2Driver@d0f0][0m   ]
[38;5;32m[AndroidUiautomator2Driver@d0f0][0m }
[38;5;32m[AndroidUiautomator2Driver@d0f0 (df561a7c)][0m Session created with session id: df561a7c-cbec-44ca-bc17-a8ec089c7b24
[38;5;48m[ADB][0m Found 2 'build-tools' folders under '/Users/bryanplata/Library/Android/sdk' (newest first):
[38;5;48m[ADB][0m     /Users/bryanplata/Library/Android/sdk/build-tools/36.1.0
[38;5;48m[ADB][0m     /Users/bryanplata/Library/Android/sdk/build-tools/35.0.0
[38;5;48m[ADB][0m Using 'adb' from '/Users/bryanplata/Library/Android/sdk/platform-tools/adb'
[38;5;48m[ADB][0m Running '/Users/bryanplata/Library/Android/sdk/platform-tools/adb -P 5037 start-server'
[38;5;32m[AndroidUiautomator2Driver@d0f0 (df561a7c)][0m Retrieving device list
[38;5;48m[ADB][0m Trying to find connected Android devices
[38;5;48m[ADB][0m Getting connected devices
[38;5;48m[ADB][0m Connected devices: [{"udid":"emulator-5554","state":"device"}]
[38;5;32m[AndroidUiautomator2Driver@d0f0 (df561a7c)][0m Using device: emulator-5554
[38;5;48m[ADB][0m Using 'adb' from '/Users/bryanplata/Library/Android/sdk/platform-tools/adb'
[38;5;48m[ADB][0m Running '/Users/bryanplata/Library/Android/sdk/platform-tools/adb -P 5037 start-server'
[38;5;48m[ADB][0m Setting device id to emulator-5554
[38;5;64m[BaseDriver][0m Using local app '/Users/bryanplata/Documents/Repo Bryan/webDriverIOMobile/DriverIO.apk'
[38;5;32m[AndroidUiautomator2Driver@d0f0 (df561a7c)][0m Checking whether app is actually present
[38;5;48m[ADB][0m Running '/Users/bryanplata/Library/Android/sdk/platform-tools/adb -P 5037 -s emulator-5554 shell getprop ro.build.version.sdk'
[38;5;48m[ADB][0m Current device property 'ro.build.version.sdk': 36
[38;5;48m[ADB][0m Getting device platform version
[38;5;48m[ADB][0m Running '/Users/bryanplata/Library/Android/sdk/platform-tools/adb -P 5037 -s emulator-5554 shell getprop ro.build.version.release'
[38;5;48m[ADB][0m Current device property 'ro.build.version.release': 16
[38;5;48m[ADB][0m Device API level: 36
[38;5;32m[AndroidUiautomator2Driver@d0f0 (df561a7c)][0m Relaxing hidden api policy
[38;5;48m[ADB][0m Running '/Users/bryanplata/Library/Android/sdk/platform-tools/adb -P 5037 -s emulator-5554 shell 'settings put global hidden_api_policy_pre_p_apps 1;settings put global hidden_api_policy_p_apps 1;settings put global hidden_api_policy 1''
[38;5;32m[AndroidUiautomator2Driver@d0f0 (df561a7c)][0m Parsing package and activity from app manifest
[38;5;48m[ADB][0m Running '/Users/bryanplata/Library/Android/sdk/platform-tools/adb -P 5037 -s emulator-5554 wait-for-device'
[38;5;48m[ADB][0m Running '/Users/bryanplata/Library/Android/sdk/platform-tools/adb -P 5037 -s emulator-5554 shell echo ping'
[38;5;48m[ADB][0m Package name: 'com.wdiodemoapp'
[38;5;48m[ADB][0m Main activity name: 'com.wdiodemoapp.MainActivity'
[38;5;32m[AndroidUiautomator2Driver@d0f0 (df561a7c)][0m Parsed package and activity are: com.wdiodemoapp/com.wdiodemoapp.MainActivity
[38;5;32m[AndroidUiautomator2Driver@d0f0 (df561a7c)][0m Pushing settings apk to the device...
[38;5;48m[ADB][0m Getting package info for 'io.appium.settings'
[38;5;48m[ADB][0m Running '/Users/bryanplata/Library/Android/sdk/platform-tools/adb -P 5037 -s emulator-5554 shell dumpsys package io.appium.settings'
[38;5;48m[ADB][0m The version name of the installed 'io.appium.settings' is greater or equal to the application version name ('5.9.2' >= '5.9.2')
[38;5;48m[ADB][0m There is no need to install/upgrade '/Users/bryanplata/Documents/Repo Bryan/webDriverIOMobile/node_modules/appium-uiautomator2-driver/node_modules/io.appium.settings/apks/settings_apk-debug.apk'
[38;5;48m[ADB][0m Running '/Users/bryanplata/Library/Android/sdk/platform-tools/adb -P 5037 -s emulator-5554 shell dumpsys activity services io.appium.settings'
[38;5;32m[AndroidUiautomator2Driver@d0f0 (df561a7c)][0m io.appium.settings is already running. There is no need to reset its permissions.
[38;5;80m[Logcat][0m Starting logs capture with command: /Users/bryanplata/Library/Android/sdk/platform-tools/adb -P 5037 -s emulator-5554 logcat -v threadtime
[38;5;32m[AndroidUiautomator2Driver@d0f0 (df561a7c)][0m The 'unicodeKeyboard' capability has been deprecated and will be removed. Set the 'hideKeyboard' capability to 'true' in order to make the on-screen keyboard invisible.
[38;5;32m[AndroidUiautomator2Driver@d0f0 (df561a7c)][0m Enabling Unicode keyboard support
[38;5;48m[ADB][0m Running '/Users/bryanplata/Library/Android/sdk/platform-tools/adb -P 5037 -s emulator-5554 shell settings get secure default_input_method'
[38;5;32m[AndroidUiautomator2Driver@d0f0 (df561a7c)][0m Unsetting previous IME io.appium.settings/.UnicodeIME
[38;5;32m[AndroidUiautomator2Driver@d0f0 (df561a7c)][0m Setting IME to 'io.appium.settings/.UnicodeIME'
[38;5;48m[ADB][0m Running '/Users/bryanplata/Library/Android/sdk/platform-tools/adb -P 5037 -s emulator-5554 shell ime enable io.appium.settings/.UnicodeIME'
[38;5;48m[ADB][0m Running '/Users/bryanplata/Library/Android/sdk/platform-tools/adb -P 5037 -s emulator-5554 shell ime set io.appium.settings/.UnicodeIME'
[38;5;32m[AndroidUiautomator2Driver@d0f0 (df561a7c)][0m Forwarding UiAutomator2 Server port 6790 to local port 8200
[38;5;48m[ADB][0m Forwarding system: 8200 to device: 6790
[38;5;48m[ADB][0m Running '/Users/bryanplata/Library/Android/sdk/platform-tools/adb -P 5037 -s emulator-5554 forward tcp:8200 tcp:6790'
[38;5;48m[ADB][0m Getting package info for 'io.appium.uiautomator2.server'
[38;5;48m[ADB][0m Running '/Users/bryanplata/Library/Android/sdk/platform-tools/adb -P 5037 -s emulator-5554 shell dumpsys package io.appium.uiautomator2.server'
[38;5;48m[ADB][0m Getting install status for io.appium.uiautomator2.server.test
[38;5;48m[ADB][0m Checking app cert for /Users/bryanplata/Documents/Repo Bryan/webDriverIOMobile/DriverIO.apk
[38;5;48m[ADB][0m Running '/Users/bryanplata/Library/Android/sdk/platform-tools/adb -P 5037 -s emulator-5554 shell cmd package list packages'
[38;5;48m[ADB][0m Using 'apksigner.jar' from '/Users/bryanplata/Library/Android/sdk/build-tools/36.1.0/lib/apksigner.jar'
[38;5;48m[ADB][0m Starting apksigner: /usr/bin/java -Xmx1024M -Xss1m -jar /Users/bryanplata/Library/Android/sdk/build-tools/36.1.0/lib/apksigner.jar verify --print-certs '/Users/bryanplata/Documents/Repo Bryan/webDriverIOMobile/DriverIO.apk'
[38;5;48m[ADB][0m 'io.appium.uiautomator2.server.test' is installed
[38;5;48m[ADB][0m The version name of the installed 'io.appium.uiautomator2.server' is greater or equal to the application version name ('7.0.9' >= '7.0.9')
[38;5;32m[AndroidUiautomator2Driver@d0f0 (df561a7c)][0m Server packages status: [{"installState":"sameVersionInstalled","appPath":"/Users/bryanplata/Documents/Repo Bryan/webDriverIOMobile/node_modules/appium-uiautomator2-driver/node_modules/appium-uiautomator2-server/apks/appium-uiautomator2-server-v7.0.9.apk","appId":"io.appium.uiautomator2.server"},{"installState":"sameVersionInstalled","appPath":"/Users/bryanplata/Documents/Repo Bryan/webDriverIOMobile/node_modules/appium-uiautomator2-driver/node_modules/appium-uiautomator2-server/apks/appium-uiautomator2-server-debug-androidTest.apk","appId":"io.appium.uiautomator2.server.test"}]
[38;5;32m[AndroidUiautomator2Driver@d0f0 (df561a7c)][0m Server packages are not going to be (re)installed
[38;5;32m[AndroidUiautomator2Driver@d0f0 (df561a7c)][0m Waiting up to 30000ms for services to be available
[38;5;48m[ADB][0m Running '/Users/bryanplata/Library/Android/sdk/platform-tools/adb -P 5037 -s emulator-5554 shell pm list instrumentation'
[38;5;32m[AndroidUiautomator2Driver@d0f0 (df561a7c)][0m Instrumentation target 'io.appium.uiautomator2.server.test/androidx.test.runner.AndroidJUnitRunner' is available
[38;5;48m[ADB][0m Adding packages ["io.appium.settings","io.appium.uiautomator2.server","io.appium.uiautomator2.server.test"] to Doze whitelist
[38;5;48m[ADB][0m Got the following command chunks to execute: [["dumpsys","deviceidle","whitelist","+io.appium.settings",";","dumpsys","deviceidle","whitelist","+io.appium.uiautomator2.server",";","dumpsys","deviceidle","whitelist","+io.appium.uiautomator2.server.test",";"]]
[38;5;48m[ADB][0m Running '/Users/bryanplata/Library/Android/sdk/platform-tools/adb -P 5037 -s emulator-5554 shell dumpsys deviceidle whitelist +io.appium.settings ; dumpsys deviceidle whitelist +io.appium.uiautomator2.server ; dumpsys deviceidle whitelist +io.appium.uiautomator2.server.test ;'
[38;5;48m[ADB][0m apksigner stdout: Signer #1 certificate DN: CN=WebdriverIO, OU=WebdriverIO, O=WebdriverIO, L=WebdriverIO, ST=WebdriverIO, C=WD
[38;5;48m[ADB][0m Signer #1 certificate SHA-256 digest: af2767f09990f90c8f693c9d18abc6cd2886b1255fd2e6137958848525233580
[38;5;48m[ADB][0m Signer #1 certificate SHA-1 digest: 1667a649f0f9da33b09d7874dbe937fe8dd45827
[38;5;48m[ADB][0m Signer #1 certificate MD5 digest: ba7f70492c5a392f8a0f18b658b3a21c
[38;5;48m[ADB][0m 
[38;5;48m[ADB][0m '/Users/bryanplata/Documents/Repo Bryan/webDriverIOMobile/DriverIO.apk' is signed with a non-default certificate
[38;5;48m[ADB][0m Getting package info for 'com.wdiodemoapp'
[38;5;48m[ADB][0m Running '/Users/bryanplata/Library/Android/sdk/platform-tools/adb -P 5037 -s emulator-5554 shell dumpsys package com.wdiodemoapp'
[38;5;48m[ADB][0m The version name of the installed 'com.wdiodemoapp' is greater or equal to the application version name ('1.0.8' >= '1.0.8')
[38;5;48m[ADB][0m There is no need to install/upgrade '/Users/bryanplata/Documents/Repo Bryan/webDriverIOMobile/DriverIO.apk'
[38;5;32m[AndroidUiautomator2Driver@d0f0 (df561a7c)][0m Performing fast reset on 'com.wdiodemoapp'
[38;5;48m[ADB][0m Getting install status for com.wdiodemoapp
[38;5;48m[ADB][0m Running '/Users/bryanplata/Library/Android/sdk/platform-tools/adb -P 5037 -s emulator-5554 shell cmd package list packages'
[38;5;48m[ADB][0m 'com.wdiodemoapp' is installed
[38;5;48m[ADB][0m Running '/Users/bryanplata/Library/Android/sdk/platform-tools/adb -P 5037 -s emulator-5554 shell am force-stop com.wdiodemoapp'
[38;5;48m[ADB][0m Running '/Users/bryanplata/Library/Android/sdk/platform-tools/adb -P 5037 -s emulator-5554 shell pm clear com.wdiodemoapp'
[38;5;48m[ADB][0m Running '/Users/bryanplata/Library/Android/sdk/platform-tools/adb -P 5037 -s emulator-5554 shell dumpsys package com.wdiodemoapp'
[38;5;48m[ADB][0m Retrieving requested permissions
[38;5;48m[ADB][0m Retrieved 7 permissions from requested group
[38;5;48m[ADB][0m Retrieving granted permissions
[38;5;48m[ADB][0m Retrieved 5 permissions from install,runtime groups
[38;5;48m[ADB][0m Granting permissions ["android.permission.READ_EXTERNAL_STORAGE","android.permission.WRITE_EXTERNAL_STORAGE"] to 'com.wdiodemoapp'
[38;5;48m[ADB][0m Got the following command chunks to execute: [["pm","grant","com.wdiodemoapp","android.permission.READ_EXTERNAL_STORAGE",";","pm","grant","com.wdiodemoapp","android.permission.WRITE_EXTERNAL_STORAGE",";"]]
[38;5;48m[ADB][0m Running '/Users/bryanplata/Library/Android/sdk/platform-tools/adb -P 5037 -s emulator-5554 shell pm grant com.wdiodemoapp android.permission.READ_EXTERNAL_STORAGE ; pm grant com.wdiodemoapp android.permission.WRITE_EXTERNAL_STORAGE ;'
[38;5;32m[AndroidUiautomator2Driver@d0f0 (df561a7c)][0m Performed fast reset on the installed 'com.wdiodemoapp' application (stop and clear)
[38;5;32m[AndroidUiautomator2Driver@d0f0 (df561a7c)][0m Performing shallow cleanup of automation leftovers
[38;5;32m[AndroidUiautomator2Driver@d0f0 (df561a7c)][0m No obsolete sessions have been detected (socket hang up)
[38;5;48m[ADB][0m Running '/Users/bryanplata/Library/Android/sdk/platform-tools/adb -P 5037 -s emulator-5554 shell am force-stop io.appium.uiautomator2.server.test'
[38;5;32m[AndroidUiautomator2Driver@d0f0 (df561a7c)][0m Starting UIAutomator2 server 7.0.9
[38;5;32m[AndroidUiautomator2Driver@d0f0 (df561a7c)][0m Using UIAutomator2 server from '/Users/bryanplata/Documents/Repo Bryan/webDriverIOMobile/node_modules/appium-uiautomator2-driver/node_modules/appium-uiautomator2-server/apks/appium-uiautomator2-server-v7.0.9.apk' and test from '/Users/bryanplata/Documents/Repo Bryan/webDriverIOMobile/node_modules/appium-uiautomator2-driver/node_modules/appium-uiautomator2-server/apks/appium-uiautomator2-server-debug-androidTest.apk'
[38;5;32m[AndroidUiautomator2Driver@d0f0 (df561a7c)][0m Waiting up to 30000ms for UiAutomator2 to be online...
[38;5;48m[ADB][0m Creating ADB subprocess with args: ["-P","5037","-s","emulator-5554","shell","am","instrument","-w","-e","disableAnalytics","true","io.appium.uiautomator2.server.test/androidx.test.runner.AndroidJUnitRunner"]
[38;5;32m[AndroidUiautomator2Driver@d0f0 (df561a7c)][0m Matched '/status' to command name 'getStatus'
[38;5;32m[AndroidUiautomator2Driver@d0f0 (df561a7c)][0m Proxying [GET /status] to [GET http://127.0.0.1:8200/status] with no body
[38;5;32m[AndroidUiautomator2Driver@d0f0 (df561a7c)][0m socket hang up
[38;5;96m[Instrumentation][0m io.appium.uiautomator2.server.test.AppiumUiAutomator2Server:
[38;5;32m[AndroidUiautomator2Driver@d0f0 (df561a7c)][0m Matched '/status' to command name 'getStatus'
[38;5;32m[AndroidUiautomator2Driver@d0f0 (df561a7c)][0m Proxying [GET /status] to [GET http://127.0.0.1:8200/status] with no body
[38;5;32m[AndroidUiautomator2Driver@d0f0 (df561a7c)][0m socket hang up
[38;5;32m[AndroidUiautomator2Driver@d0f0 (df561a7c)][0m Matched '/status' to command name 'getStatus'
[38;5;32m[AndroidUiautomator2Driver@d0f0 (df561a7c)][0m Proxying [GET /status] to [GET http://127.0.0.1:8200/status] with no body
[38;5;32m[AndroidUiautomator2Driver@d0f0 (df561a7c)][0m Got response with status 200: {"sessionId":"None","value":{"message":"UiAutomator2 Server is ready to accept commands","ready":true}}
[38;5;32m[AndroidUiautomator2Driver@d0f0 (df561a7c)][0m The initialization of the instrumentation process took 2051ms
[38;5;32m[AndroidUiautomator2Driver@d0f0 (df561a7c)][0m Matched '/session' to command name 'createSession'
[38;5;32m[AndroidUiautomator2Driver@d0f0 (df561a7c)][0m Proxying [POST /session] to [POST http://127.0.0.1:8200/session] with body: {"capabilities":{"firstMatch":[{"platformName":"Android","deviceName":"emulator-5554","automationName":"UiAutomator2","app":"/Users/bryanplata/Documents/Repo Bryan/webDriverIOMobile/DriverIO.apk","autoGrantPermissions":true,"unicodeKeyboard":true,"noReset":false,"platform":"LINUX","webStorageEnabled":false,"takesScreenshot":true,"javascriptEnabled":true,"databaseEnabled":false,"networkConnectionEnabled":true,"locationContextEnabled":false,"warnings":{},"desired":{"platformName":"Android","deviceName":"emulator-5554","automationName":"UiAutomator2","app":"/Users/bryanplata/Documents/Repo Bryan/webDriverIOMobile/DriverIO.apk","autoGrantPermissions":true,"unicodeKeyboard":true,"noReset":false},"deviceUDID":"emulator-5554","appPackage":"com.wdiodemoapp"}],"alwaysMatch":{}}}
[38;5;32m[AndroidUiautomator2Driver@d0f0 (df561a7c)][0m Got response with status 200: {"sessionId":"a8696306-8fcd-494e-8828-7910488148f5","value":{"capabilities":{"firstMatch":[{"platformName":"Android","deviceName":"emulator-5554","automationName":"UiAutomator2","app":"/Users/bryanplata/Documents/Repo Bryan/webDriverIOMobile/DriverIO.apk","autoGrantPermissions":true,"unicodeKeyboard":true,"noReset":false,"platform":"LINUX","webStorageEnabled":false,"takesScreenshot":true,"javascriptEnabled":true,"databaseEnabled":false,"networkConnectionEnabled":true,"locationContextEnabled":false,"warnings":{},"desired":{"platformName":"Android","deviceName":"emulator-5554","automationName":"UiAutomator2","app":"/Users/bryanplata/Documents/Repo Bryan/webDriverIOMobile/DriverIO.apk","autoGrantPermissions":true,"unicodeKeyboard":true,"noReset":false},"deviceUDID":"emulator-5554","appPackage":"com.wdiodemoapp"}],"alwaysMatch":{}},"sessionId":"a8696306-8fcd-494e-8828-7910488148f5"}}
[38;5;32m[AndroidUiautomator2Driver@d0f0 (df561a7c)][0m Determined the downstream protocol as 'W3C'
[38;5;32m[AndroidUiautomator2Driver@d0f0 (df561a7c)][0m Proxying [GET /appium/device/pixel_ratio] to [GET http://127.0.0.1:8200/session/a8696306-8fcd-494e-8828-7910488148f5/appium/device/pixel_ratio] with no body
[38;5;32m[AndroidUiautomator2Driver@d0f0 (df561a7c)][0m Matched '/appium/device/system_bars' to command name 'getSystemBars'
[38;5;32m[AndroidUiautomator2Driver@d0f0 (df561a7c)][0m Proxying [GET /appium/device/system_bars] to [GET http://127.0.0.1:8200/session/a8696306-8fcd-494e-8828-7910488148f5/appium/device/system_bars] with no body
[38;5;32m[AndroidUiautomator2Driver@d0f0 (df561a7c)][0m Matched '/window/current/size' to command name 'getWindowSize'
[38;5;32m[AndroidUiautomator2Driver@d0f0 (df561a7c)][0m Proxying [GET /window/current/size] to [GET http://127.0.0.1:8200/session/a8696306-8fcd-494e-8828-7910488148f5/window/current/size] with no body
[38;5;32m[AndroidUiautomator2Driver@d0f0 (df561a7c)][0m Proxying [GET /appium/device/info] to [GET http://127.0.0.1:8200/session/a8696306-8fcd-494e-8828-7910488148f5/appium/device/info] with no body
[38;5;48m[ADB][0m Running '/Users/bryanplata/Library/Android/sdk/platform-tools/adb -P 5037 -s emulator-5554 shell dumpsys window'
[38;5;48m[ADB][0m Running '/Users/bryanplata/Library/Android/sdk/platform-tools/adb -P 5037 -s emulator-5554 shell dumpsys power'
[38;5;32m[AndroidUiautomator2Driver@d0f0 (df561a7c)][0m Got response with status 200: {"sessionId":"a8696306-8fcd-494e-8828-7910488148f5","value":2.625}
[38;5;32m[AndroidUiautomator2Driver@d0f0 (df561a7c)][0m Got response with status 200: {"sessionId":"a8696306-8fcd-494e-8828-7910488148f5","value":{"height":2400,"width":1080}}
[38;5;32m[AndroidUiautomator2Driver@d0f0 (df561a7c)][0m Got response with status 200: {"sessionId":"a8696306-8fcd-494e-8828-7910488148f5","value":{"statusBar":63}}
[38;5;32m[AndroidUiautomator2Driver@d0f0 (df561a7c)][0m Got response with status 200: {"sessionId":"a8696306-8fcd-494e-8828-7910488148f5","value":{"androidId":"524521f363a7e681","apiVersion":"36","bluetooth":{"state":"ON"},"brand":"google","carrierName":"T-Mobile","displayDensity":420,"locale":"en_US","manufacturer":"Google","model":"sdk_gphone64_arm64","networks":[{"capabilities":{"SSID":null,"linkDownBandwidthKbps":30000,"linkUpstreamBandwidthKbps":12000,"networkCapabilities":"NET_CAPABILITY_NOT_METERED,NET_CAPABILITY_INTERNET,NET_CAPABILITY_NOT_RESTRICTED,NET_CAPABILITY_TRUSTED,NET_CAPABILITY_NOT_VPN,NET_CAPABILITY_VALIDATED,NET_CAPABILITY_NOT_ROAMING,NET_CAPABILITY_FOREGROUND,NET_CAPABILITY_NOT_CONGESTED,NET_CAPABILITY_NOT_SUSPENDED","signalStrength":-50,"transportTypes":"TRANSPORT_WIFI"},"detailedState":"CONNECTED","extraInfo":"","isAvailable":true,"isConnected":true,"isFailover":false,"isRoaming":false,"state":"CONNECTED","subtype":-1,"subtypeName":"","type":1,"typeName":"WIFI"},{"capabilities":{"SSID":null,"linkDownBandwidthKbps":145000,"linkUpstreamBandwidthKbps":60000,"networkCapab...
[38;5;32m[AndroidUiautomator2Driver@d0f0 (df561a7c)][0m Screen already unlocked, doing nothing
[38;5;32m[AndroidUiautomator2Driver@d0f0 (df561a7c)][0m Starting 'com.wdiodemoapp/com.wdiodemoapp.MainActivity and waiting for 'com.wdiodemoapp/com.wdiodemoapp.MainActivity'
[38;5;48m[ADB][0m Running '/Users/bryanplata/Library/Android/sdk/platform-tools/adb -P 5037 -s emulator-5554 shell am start -W -n com.wdiodemoapp/com.wdiodemoapp.MainActivity -S -a android.intent.action.MAIN -c android.intent.category.LAUNCHER -f 0x10200000'
[38;5;48m[ADB][0m Waiting up to 20000ms for activity matching pkg: 'com.wdiodemoapp' and activity: 'com.wdiodemoapp.MainActivity' to be focused
[38;5;48m[ADB][0m Possible activities, to be checked: 'com.wdiodemoapp.MainActivity', 'com.wdiodemoapp.com.wdiodemoapp.MainActivity'
[38;5;48m[ADB][0m Getting focused package and activity
[38;5;48m[ADB][0m Running '/Users/bryanplata/Library/Android/sdk/platform-tools/adb -P 5037 -s emulator-5554 shell dumpsys window displays'
[38;5;48m[ADB][0m Found package: 'com.wdiodemoapp' and fully qualified activity name : 'com.wdiodemoapp.MainActivity'
[38;5;16m[AppiumDriver@affe][0m New AndroidUiautomator2Driver session created successfully, session df561a7c-cbec-44ca-bc17-a8ec089c7b24 added to master session list
[38;5;16m[AppiumDriver@affe][0m Event 'newSessionStarted' logged at 1785292784623 (21:39:44 GMT-0500 (Colombia Standard Time))
[38;5;32m[AndroidUiautomator2Driver@d0f0 (df561a7c)][0m Cached the protocol value 'W3C' for the new session df561a7c-cbec-44ca-bc17-a8ec089c7b24
[38;5;32m[AndroidUiautomator2Driver@d0f0 (df561a7c)][0m Responding to client with driver.createSession() result: {"capabilities":{"platformName":"Android","deviceName":"emulator-5554","automationName":"UiAutomator2","app":"/Users/bryanplata/Documents/Repo Bryan/webDriverIOMobile/DriverIO.apk","autoGrantPermissions":true,"unicodeKeyboard":true,"noReset":false,"platform":"LINUX","webStorageEnabled":false,"takesScreenshot":true,"javascriptEnabled":true,"databaseEnabled":false,"networkConnectionEnabled":true,"locationContextEnabled":false,"warnings":{},"desired":{"platformName":"Android","deviceName":"emulator-5554","automationName":"UiAutomator2","app":"/Users/bryanplata/Documents/Repo Bryan/webDriverIOMobile/DriverIO.apk","autoGrantPermissions":true,"unicodeKeyboard":true,"noReset":false},"deviceUDID":"emulator-5554","appPackage":"com.wdiodemoapp","pixelRatio":"2.625","statBarHeight":63,"viewportRect":{"left":0,"top":63,"width":1080,"height":2337},"deviceApiLevel":36,"platformVersion":"16","deviceManufacturer":"Google","deviceModel":"sdk_gphone64_arm64","deviceScreenSize":"1080x2400","deviceScreenDensity":420}}
[38;5;0m[HTTP][0m [37m<-- POST /session [39m[32m200[39m [90m5007 ms - 1074[39m
[38;5;0m[HTTP][0m [90m[39m
[38;5;0m[HTTP][0m [37m-->[39m [37mDELETE[39m [37m/session/df561a7c-cbec-44ca-bc17-a8ec089c7b24[39m
[38;5;0m[HTTP][0m [90m{}[39m
[38;5;32m[AndroidUiautomator2Driver@d0f0 (df561a7c)][0m Calling AppiumDriver.deleteSession() with args: ["df561a7c-cbec-44ca-bc17-a8ec089c7b24"]
[38;5;16m[AppiumDriver@affe][0m Event 'quitSessionRequested' logged at 1785292784721 (21:39:44 GMT-0500 (Colombia Standard Time))
[38;5;16m[AppiumDriver@affe][0m Removing session df561a7c-cbec-44ca-bc17-a8ec089c7b24 from our master session list
[38;5;32m[AndroidUiautomator2Driver@d0f0 (df561a7c)][0m Deleting UiAutomator2 session
[38;5;32m[AndroidUiautomator2Driver@d0f0 (df561a7c)][0m Deleting UiAutomator2 server session
[38;5;32m[AndroidUiautomator2Driver@d0f0 (df561a7c)][0m Matched '/' to command name 'deleteSession'
[38;5;32m[AndroidUiautomator2Driver@d0f0 (df561a7c)][0m Proxying [DELETE /] to [DELETE http://127.0.0.1:8200/session/a8696306-8fcd-494e-8828-7910488148f5] with no body
[38;5;32m[AndroidUiautomator2Driver@d0f0 (df561a7c)][0m Got response with status 200: {"sessionId":"a8696306-8fcd-494e-8828-7910488148f5","value":null}
[38;5;48m[ADB][0m Running '/Users/bryanplata/Library/Android/sdk/platform-tools/adb -P 5037 -s emulator-5554 shell dumpsys activity services io.appium.settings/.recorder.RecorderService'
[38;5;48m[ADB][0m Running '/Users/bryanplata/Library/Android/sdk/platform-tools/adb -P 5037 -s emulator-5554 shell am force-stop com.wdiodemoapp'
[38;5;80m[Logcat][0m Stopping logcat capture
[38;5;48m[ADB][0m Removing forwarded port socket connection: 8200 
[38;5;48m[ADB][0m Running '/Users/bryanplata/Library/Android/sdk/platform-tools/adb -P 5037 -s emulator-5554 forward --remove tcp:8200'
[38;5;32m[AndroidUiautomator2Driver@d0f0 (df561a7c)][0m Restoring hidden api policy to the device default configuration
[38;5;48m[ADB][0m Running '/Users/bryanplata/Library/Android/sdk/platform-tools/adb -P 5037 -s emulator-5554 shell 'settings delete global hidden_api_policy_pre_p_apps;settings delete global hidden_api_policy_p_apps;settings delete global hidden_api_policy''
[38;5;16m[AppiumDriver@affe][0m Event 'quitSessionFinished' logged at 1785292784939 (21:39:44 GMT-0500 (Colombia Standard Time))
[38;5;16m[AppiumDriver@affe][0m Received response: null
[38;5;16m[AppiumDriver@affe][0m But deleting session, so not returning
[38;5;16m[AppiumDriver@affe][0m Responding to client with driver.deleteSession() result: null
[38;5;0m[HTTP][0m [37m<-- DELETE /session/df561a7c-cbec-44ca-bc17-a8ec089c7b24 [39m[32m200[39m [90m218 ms - 14[39m
[38;5;0m[HTTP][0m [90m[39m
[35m[Appium][39m Received SIGTERM - shutting down
[38;5;16m[AppiumDriver@affe][0m There are no active sessions for cleanup
[38;5;0m[HTTP][0m Waiting until the server is closed
[38;5;0m[HTTP][0m Received server close event
